LESS < nil
GREATER > nil
LEFT_BRACE { nil
RIGHT_BRACE } nil
COMMA , nil
DOT . nil
MINUS - nil
PLUS + nil
SEMICOLON ; nil
SLASH / nil
STAR * nil
BANG ! nil
BANG_EQUAL != nil
EQUAL = nil
EQUAL_EQUAL == nil
GREATER > nil
GREATER_EQUAL >= nil
LESS < nil
LESS_EQUAL <= nil
IDENTIFIER a a
STRING "a" a
NUMBER 1 1.000000
AND and nil
CLASS class nil
ELSE else nil
FALSE false false
FUN fun nil
FOR for nil
IF if nil
NIL nil nil
OR or nil
PRINT print nil
RETURN return nil
SUPER super nil
THIS this nil
TRUE true true
VAR var nil
WHILE while nil
END_OF_FILE  nil
